MSBuild version 17.6.1+8ffc3fe3d for .NET
  Geri y├╝klenecek projeler belirleniyor...
  Geri y├╝kleme i├ğin t├╝m projeler g├╝ncel.
  Core -> C:\Users\MONSTER\OneDrive\Belgeler\GitHub\CarProject\Core\bin\Debug\net7.0\Core.dll
  Entities -> C:\Users\MONSTER\OneDrive\Belgeler\GitHub\CarProject\Entities\bin\Debug\net7.0\Entities.dll
  DataAccess -> C:\Users\MONSTER\OneDrive\Belgeler\GitHub\CarProject\DataAccess\bin\Debug\net7.0\DataAccess.dll
C:\Users\MONSTER\OneDrive\Belgeler\GitHub\CarProject\Business\Concrete\CorporateCustomerManager.cs(46,85): error CS1061: 'CorporateCustomer' bir 'CustomerId' tan─▒m─▒ i├ğermiyor ve 'CorporateCustomer' t├╝r├╝nde bir ilk ba─ş─▒ms─▒z de─şi┼şken kabul eden hi├ğbir eri┼şilebilir 'CustomerId' geni┼şletme y├Ântemi bulunamad─▒ (bir kullanma y├Ânergeniz veya derleme ba┼şvurunuz eksik olabilir mi?) [C:\Users\MONSTER\OneDrive\Belgeler\GitHub\CarProject\Business\Business.csproj]
C:\Users\MONSTER\OneDrive\Belgeler\GitHub\CarProject\Business\Concrete\CorporateCustomerManager.cs(51,94): error CS1061: 'CorporateCustomer' bir 'CustomerId' tan─▒m─▒ i├ğermiyor ve 'CorporateCustomer' t├╝r├╝nde bir ilk ba─ş─▒ms─▒z de─şi┼şken kabul eden hi├ğbir eri┼şilebilir 'CustomerId' geni┼şletme y├Ântemi bulunamad─▒ (bir kullanma y├Ânergeniz veya derleme ba┼şvurunuz eksik olabilir mi?) [C:\Users\MONSTER\OneDrive\Belgeler\GitHub\CarProject\Business\Business.csproj]
C:\Users\MONSTER\OneDrive\Belgeler\GitHub\CarProject\Business\Concrete\IndividualCustomerManager.cs(48,86): error CS1061: 'IndividualCustomer' bir 'CustomerId' tan─▒m─▒ i├ğermiyor ve 'IndividualCustomer' t├╝r├╝nde bir ilk ba─ş─▒ms─▒z de─şi┼şken kabul eden hi├ğbir eri┼şilebilir 'CustomerId' geni┼şletme y├Ântemi bulunamad─▒ (bir kullanma y├Ânergeniz veya derleme ba┼şvurunuz eksik olabilir mi?) [C:\Users\MONSTER\OneDrive\Belgeler\GitHub\CarProject\Business\Business.csproj]
C:\Users\MONSTER\OneDrive\Belgeler\GitHub\CarProject\Business\Concrete\IndividualCustomerManager.cs(53,95): error CS1061: 'IndividualCustomer' bir 'CustomerId' tan─▒m─▒ i├ğermiyor ve 'IndividualCustomer' t├╝r├╝nde bir ilk ba─ş─▒ms─▒z de─şi┼şken kabul eden hi├ğbir eri┼şilebilir 'CustomerId' geni┼şletme y├Ântemi bulunamad─▒ (bir kullanma y├Ânergeniz veya derleme ba┼şvurunuz eksik olabilir mi?) [C:\Users\MONSTER\OneDrive\Belgeler\GitHub\CarProject\Business\Business.csproj]
C:\Users\MONSTER\OneDrive\Belgeler\GitHub\CarProject\Business\Concrete\RentalManager.cs(38,29): error CS0103: 'RentalStatus' ad─▒ ge├ğerli ba─şlamda yok [C:\Users\MONSTER\OneDrive\Belgeler\GitHub\CarProject\Business\Business.csproj]
C:\Users\MONSTER\OneDrive\Belgeler\GitHub\CarProject\Business\Concrete\RentalManager.cs(39,36): error CS0103: 'DepositStatus' ad─▒ ge├ğerli ba─şlamda yok [C:\Users\MONSTER\OneDrive\Belgeler\GitHub\CarProject\Business\Business.csproj]
C:\Users\MONSTER\OneDrive\Belgeler\GitHub\CarProject\Business\Concrete\RentalManager.cs(70,82): error CS0103: 'RentalStatus' ad─▒ ge├ğerli ba─şlamda yok [C:\Users\MONSTER\OneDrive\Belgeler\GitHub\CarProject\Business\Business.csproj]
C:\Users\MONSTER\OneDrive\Belgeler\GitHub\CarProject\Business\DependencyResolvers\Autofac\AutofacBusinessModule.cs(69,34): error CS0246: 'EfCorporateProfileDal' t├╝r├╝ veya ad alan─▒ ad─▒ bulunamad─▒ (bir using y├Ânergeniz veya derleme ba┼şvurunuz mu eksik?) [C:\Users\MONSTER\OneDrive\Belgeler\GitHub\CarProject\Business\Business.csproj]
C:\Users\MONSTER\OneDrive\Belgeler\GitHub\CarProject\Business\DependencyResolvers\Autofac\AutofacBusinessModule.cs(69,62): error CS0246: 'ICorporateProfileDal' t├╝r├╝ veya ad alan─▒ ad─▒ bulunamad─▒ (bir using y├Ânergeniz veya derleme ba┼şvurunuz mu eksik?) [C:\Users\MONSTER\OneDrive\Belgeler\GitHub\CarProject\Business\Business.csproj]
C:\Users\MONSTER\OneDrive\Belgeler\GitHub\CarProject\Business\Concrete\RentalManager.cs(157,29): error CS0103: 'RentalStatus' ad─▒ ge├ğerli ba─şlamda yok [C:\Users\MONSTER\OneDrive\Belgeler\GitHub\CarProject\Business\Business.csproj]
C:\Users\MONSTER\OneDrive\Belgeler\GitHub\CarProject\Business\Concrete\RentalManager.cs(158,36): error CS0103: 'DepositStatus' ad─▒ ge├ğerli ba─şlamda yok [C:\Users\MONSTER\OneDrive\Belgeler\GitHub\CarProject\Business\Business.csproj]
C:\Users\MONSTER\OneDrive\Belgeler\GitHub\CarProject\Business\Concrete\RentalManager.cs(166,30): error CS0103: 'CarStatus' ad─▒ ge├ğerli ba─şlamda yok [C:\Users\MONSTER\OneDrive\Belgeler\GitHub\CarProject\Business\Business.csproj]
C:\Users\MONSTER\OneDrive\Belgeler\GitHub\CarProject\Business\Concrete\RentalManager.cs(185,30): error CS0103: 'CarStatus' ad─▒ ge├ğerli ba─şlamda yok [C:\Users\MONSTER\OneDrive\Belgeler\GitHub\CarProject\Business\Business.csproj]
C:\Users\MONSTER\OneDrive\Belgeler\GitHub\CarProject\Business\Concrete\RentalManager.cs(202,30): error CS0103: 'RentalStatus' ad─▒ ge├ğerli ba─şlamda yok [C:\Users\MONSTER\OneDrive\Belgeler\GitHub\CarProject\Business\Business.csproj]
C:\Users\MONSTER\OneDrive\Belgeler\GitHub\CarProject\Business\Concrete\RentalManager.cs(202,65): error CS0103: 'RentalStatus' ad─▒ ge├ğerli ba─şlamda yok [C:\Users\MONSTER\OneDrive\Belgeler\GitHub\CarProject\Business\Business.csproj]
C:\Users\MONSTER\OneDrive\Belgeler\GitHub\CarProject\Business\Concrete\RentalManager.cs(231,83): error CS0103: 'CarStatus' ad─▒ ge├ğerli ba─şlamda yok [C:\Users\MONSTER\OneDrive\Belgeler\GitHub\CarProject\Business\Business.csproj]
C:\Users\MONSTER\OneDrive\Belgeler\GitHub\CarProject\Business\Concrete\RentalManager.cs(266,26): error CS0103: 'RentalStatus' ad─▒ ge├ğerli ba─şlamda yok [C:\Users\MONSTER\OneDrive\Belgeler\GitHub\CarProject\Business\Business.csproj]
C:\Users\MONSTER\OneDrive\Belgeler\GitHub\CarProject\Business\Concrete\RentalManager.cs(267,33): error CS0103: 'DepositStatus' ad─▒ ge├ğerli ba─şlamda yok [C:\Users\MONSTER\OneDrive\Belgeler\GitHub\CarProject\Business\Business.csproj]
C:\Users\MONSTER\OneDrive\Belgeler\GitHub\CarProject\Business\Concrete\RentalManager.cs(274,26): error CS0103: 'CarStatus' ad─▒ ge├ğerli ba─şlamda yok [C:\Users\MONSTER\OneDrive\Belgeler\GitHub\CarProject\Business\Business.csproj]
C:\Users\MONSTER\OneDrive\Belgeler\GitHub\CarProject\Business\Concrete\RentalManager.cs(303,83): error CS0103: 'CarStatus' ad─▒ ge├ğerli ba─şlamda yok [C:\Users\MONSTER\OneDrive\Belgeler\GitHub\CarProject\Business\Business.csproj]
C:\Users\MONSTER\OneDrive\Belgeler\GitHub\CarProject\Business\Concrete\RentalManager.cs(354,26): error CS0103: 'RentalStatus' ad─▒ ge├ğerli ba─şlamda yok [C:\Users\MONSTER\OneDrive\Belgeler\GitHub\CarProject\Business\Business.csproj]
C:\Users\MONSTER\OneDrive\Belgeler\GitHub\CarProject\Business\Concrete\RentalManager.cs(355,33): error CS0103: 'DepositStatus' ad─▒ ge├ğerli ba─şlamda yok [C:\Users\MONSTER\OneDrive\Belgeler\GitHub\CarProject\Business\Business.csproj]
C:\Users\MONSTER\OneDrive\Belgeler\GitHub\CarProject\Business\Concrete\RentalManager.cs(361,26): error CS0103: 'CarStatus' ad─▒ ge├ğerli ba─şlamda yok [C:\Users\MONSTER\OneDrive\Belgeler\GitHub\CarProject\Business\Business.csproj]

Olu┼şturma BA┼ŞARISIZ OLDU.

C:\Users\MONSTER\OneDrive\Belgeler\GitHub\CarProject\Business\Concrete\CorporateCustomerManager.cs(46,85): error CS1061: 'CorporateCustomer' bir 'CustomerId' tan─▒m─▒ i├ğermiyor ve 'CorporateCustomer' t├╝r├╝nde bir ilk ba─ş─▒ms─▒z de─şi┼şken kabul eden hi├ğbir eri┼şilebilir 'CustomerId' geni┼şletme y├Ântemi bulunamad─▒ (bir kullanma y├Ânergeniz veya derleme ba┼şvurunuz eksik olabilir mi?) [C:\Users\MONSTER\OneDrive\Belgeler\GitHub\CarProject\Business\Business.csproj]
C:\Users\MONSTER\OneDrive\Belgeler\GitHub\CarProject\Business\Concrete\CorporateCustomerManager.cs(51,94): error CS1061: 'CorporateCustomer' bir 'CustomerId' tan─▒m─▒ i├ğermiyor ve 'CorporateCustomer' t├╝r├╝nde bir ilk ba─ş─▒ms─▒z de─şi┼şken kabul eden hi├ğbir eri┼şilebilir 'CustomerId' geni┼şletme y├Ântemi bulunamad─▒ (bir kullanma y├Ânergeniz veya derleme ba┼şvurunuz eksik olabilir mi?) [C:\Users\MONSTER\OneDrive\Belgeler\GitHub\CarProject\Business\Business.csproj]
C:\Users\MONSTER\OneDrive\Belgeler\GitHub\CarProject\Business\Concrete\IndividualCustomerManager.cs(48,86): error CS1061: 'IndividualCustomer' bir 'CustomerId' tan─▒m─▒ i├ğermiyor ve 'IndividualCustomer' t├╝r├╝nde bir ilk ba─ş─▒ms─▒z de─şi┼şken kabul eden hi├ğbir eri┼şilebilir 'CustomerId' geni┼şletme y├Ântemi bulunamad─▒ (bir kullanma y├Ânergeniz veya derleme ba┼şvurunuz eksik olabilir mi?) [C:\Users\MONSTER\OneDrive\Belgeler\GitHub\CarProject\Business\Business.csproj]
C:\Users\MONSTER\OneDrive\Belgeler\GitHub\CarProject\Business\Concrete\IndividualCustomerManager.cs(53,95): error CS1061: 'IndividualCustomer' bir 'CustomerId' tan─▒m─▒ i├ğermiyor ve 'IndividualCustomer' t├╝r├╝nde bir ilk ba─ş─▒ms─▒z de─şi┼şken kabul eden hi├ğbir eri┼şilebilir 'CustomerId' geni┼şletme y├Ântemi bulunamad─▒ (bir kullanma y├Ânergeniz veya derleme ba┼şvurunuz eksik olabilir mi?) [C:\Users\MONSTER\OneDrive\Belgeler\GitHub\CarProject\Business\Business.csproj]
C:\Users\MONSTER\OneDrive\Belgeler\GitHub\CarProject\Business\Concrete\RentalManager.cs(38,29): error CS0103: 'RentalStatus' ad─▒ ge├ğerli ba─şlamda yok [C:\Users\MONSTER\OneDrive\Belgeler\GitHub\CarProject\Business\Business.csproj]
C:\Users\MONSTER\OneDrive\Belgeler\GitHub\CarProject\Business\Concrete\RentalManager.cs(39,36): error CS0103: 'DepositStatus' ad─▒ ge├ğerli ba─şlamda yok [C:\Users\MONSTER\OneDrive\Belgeler\GitHub\CarProject\Business\Business.csproj]
C:\Users\MONSTER\OneDrive\Belgeler\GitHub\CarProject\Business\Concrete\RentalManager.cs(70,82): error CS0103: 'RentalStatus' ad─▒ ge├ğerli ba─şlamda yok [C:\Users\MONSTER\OneDrive\Belgeler\GitHub\CarProject\Business\Business.csproj]
C:\Users\MONSTER\OneDrive\Belgeler\GitHub\CarProject\Business\DependencyResolvers\Autofac\AutofacBusinessModule.cs(69,34): error CS0246: 'EfCorporateProfileDal' t├╝r├╝ veya ad alan─▒ ad─▒ bulunamad─▒ (bir using y├Ânergeniz veya derleme ba┼şvurunuz mu eksik?) [C:\Users\MONSTER\OneDrive\Belgeler\GitHub\CarProject\Business\Business.csproj]
C:\Users\MONSTER\OneDrive\Belgeler\GitHub\CarProject\Business\DependencyResolvers\Autofac\AutofacBusinessModule.cs(69,62): error CS0246: 'ICorporateProfileDal' t├╝r├╝ veya ad alan─▒ ad─▒ bulunamad─▒ (bir using y├Ânergeniz veya derleme ba┼şvurunuz mu eksik?) [C:\Users\MONSTER\OneDrive\Belgeler\GitHub\CarProject\Business\Business.csproj]
C:\Users\MONSTER\OneDrive\Belgeler\GitHub\CarProject\Business\Concrete\RentalManager.cs(157,29): error CS0103: 'RentalStatus' ad─▒ ge├ğerli ba─şlamda yok [C:\Users\MONSTER\OneDrive\Belgeler\GitHub\CarProject\Business\Business.csproj]
C:\Users\MONSTER\OneDrive\Belgeler\GitHub\CarProject\Business\Concrete\RentalManager.cs(158,36): error CS0103: 'DepositStatus' ad─▒ ge├ğerli ba─şlamda yok [C:\Users\MONSTER\OneDrive\Belgeler\GitHub\CarProject\Business\Business.csproj]
C:\Users\MONSTER\OneDrive\Belgeler\GitHub\CarProject\Business\Concrete\RentalManager.cs(166,30): error CS0103: 'CarStatus' ad─▒ ge├ğerli ba─şlamda yok [C:\Users\MONSTER\OneDrive\Belgeler\GitHub\CarProject\Business\Business.csproj]
C:\Users\MONSTER\OneDrive\Belgeler\GitHub\CarProject\Business\Concrete\RentalManager.cs(185,30): error CS0103: 'CarStatus' ad─▒ ge├ğerli ba─şlamda yok [C:\Users\MONSTER\OneDrive\Belgeler\GitHub\CarProject\Business\Business.csproj]
C:\Users\MONSTER\OneDrive\Belgeler\GitHub\CarProject\Business\Concrete\RentalManager.cs(202,30): error CS0103: 'RentalStatus' ad─▒ ge├ğerli ba─şlamda yok [C:\Users\MONSTER\OneDrive\Belgeler\GitHub\CarProject\Business\Business.csproj]
C:\Users\MONSTER\OneDrive\Belgeler\GitHub\CarProject\Business\Concrete\RentalManager.cs(202,65): error CS0103: 'RentalStatus' ad─▒ ge├ğerli ba─şlamda yok [C:\Users\MONSTER\OneDrive\Belgeler\GitHub\CarProject\Business\Business.csproj]
C:\Users\MONSTER\OneDrive\Belgeler\GitHub\CarProject\Business\Concrete\RentalManager.cs(231,83): error CS0103: 'CarStatus' ad─▒ ge├ğerli ba─şlamda yok [C:\Users\MONSTER\OneDrive\Belgeler\GitHub\CarProject\Business\Business.csproj]
C:\Users\MONSTER\OneDrive\Belgeler\GitHub\CarProject\Business\Concrete\RentalManager.cs(266,26): error CS0103: 'RentalStatus' ad─▒ ge├ğerli ba─şlamda yok [C:\Users\MONSTER\OneDrive\Belgeler\GitHub\CarProject\Business\Business.csproj]
C:\Users\MONSTER\OneDrive\Belgeler\GitHub\CarProject\Business\Concrete\RentalManager.cs(267,33): error CS0103: 'DepositStatus' ad─▒ ge├ğerli ba─şlamda yok [C:\Users\MONSTER\OneDrive\Belgeler\GitHub\CarProject\Business\Business.csproj]
C:\Users\MONSTER\OneDrive\Belgeler\GitHub\CarProject\Business\Concrete\RentalManager.cs(274,26): error CS0103: 'CarStatus' ad─▒ ge├ğerli ba─şlamda yok [C:\Users\MONSTER\OneDrive\Belgeler\GitHub\CarProject\Business\Business.csproj]
C:\Users\MONSTER\OneDrive\Belgeler\GitHub\CarProject\Business\Concrete\RentalManager.cs(303,83): error CS0103: 'CarStatus' ad─▒ ge├ğerli ba─şlamda yok [C:\Users\MONSTER\OneDrive\Belgeler\GitHub\CarProject\Business\Business.csproj]
C:\Users\MONSTER\OneDrive\Belgeler\GitHub\CarProject\Business\Concrete\RentalManager.cs(354,26): error CS0103: 'RentalStatus' ad─▒ ge├ğerli ba─şlamda yok [C:\Users\MONSTER\OneDrive\Belgeler\GitHub\CarProject\Business\Business.csproj]
C:\Users\MONSTER\OneDrive\Belgeler\GitHub\CarProject\Business\Concrete\RentalManager.cs(355,33): error CS0103: 'DepositStatus' ad─▒ ge├ğerli ba─şlamda yok [C:\Users\MONSTER\OneDrive\Belgeler\GitHub\CarProject\Business\Business.csproj]
C:\Users\MONSTER\OneDrive\Belgeler\GitHub\CarProject\Business\Concrete\RentalManager.cs(361,26): error CS0103: 'CarStatus' ad─▒ ge├ğerli ba─şlamda yok [C:\Users\MONSTER\OneDrive\Belgeler\GitHub\CarProject\Business\Business.csproj]
    0 Uyar─▒
    23 Hata

Ge├ğen S├╝re 00:00:01.12
