MSBuild version 17.6.1+8ffc3fe3d for .NET
  Determining projects to restore...
C:\Users\MONSTER\OneDrive\Belgeler\GitHub\CarProject\ConsoleUI\ConsoleUI.csproj : error NU1605: Warning As Error: Detected package downgrade: Autofac from 8.0.0 to 7.1.0. Reference the package directly from the project to select a different version.  [C:\Users\MONSTER\OneDrive\Belgeler\GitHub\CarProject\CarProject.sln]
C:\Users\MONSTER\OneDrive\Belgeler\GitHub\CarProject\ConsoleUI\ConsoleUI.csproj : error NU1605:  ConsoleUI -> Business -> Autofac.Extensions.DependencyInjection 9.0.0 -> Autofac (>= 8.0.0)  [C:\Users\MONSTER\OneDrive\Belgeler\GitHub\CarProject\CarProject.sln]
C:\Users\MONSTER\OneDrive\Belgeler\GitHub\CarProject\ConsoleUI\ConsoleUI.csproj : error NU1605:  ConsoleUI -> Business -> Autofac (>= 7.1.0) [C:\Users\MONSTER\OneDrive\Belgeler\GitHub\CarProject\CarProject.sln]
C:\Users\MONSTER\OneDrive\Belgeler\GitHub\CarProject\Core\Core.csproj : error NU1605: Warning As Error: Detected package downgrade: Autofac from 8.0.0 to 7.1.0. Reference the package directly from the project to select a different version.  [C:\Users\MONSTER\OneDrive\Belgeler\GitHub\CarProject\CarProject.sln]
C:\Users\MONSTER\OneDrive\Belgeler\GitHub\CarProject\Core\Core.csproj : error NU1605:  Core -> Autofac.Extensions.DependencyInjection 9.0.0 -> Autofac (>= 8.0.0)  [C:\Users\MONSTER\OneDrive\Belgeler\GitHub\CarProject\CarProject.sln]
C:\Users\MONSTER\OneDrive\Belgeler\GitHub\CarProject\Core\Core.csproj : error NU1605:  Core -> Autofac (>= 7.1.0) [C:\Users\MONSTER\OneDrive\Belgeler\GitHub\CarProject\CarProject.sln]
C:\Users\MONSTER\OneDrive\Belgeler\GitHub\CarProject\Business\Business.csproj : error NU1605: Warning As Error: Detected package downgrade: Autofac from 8.0.0 to 7.1.0. Reference the package directly from the project to select a different version.  [C:\Users\MONSTER\OneDrive\Belgeler\GitHub\CarProject\CarProject.sln]
C:\Users\MONSTER\OneDrive\Belgeler\GitHub\CarProject\Business\Business.csproj : error NU1605:  Business -> Autofac.Extensions.DependencyInjection 9.0.0 -> Autofac (>= 8.0.0)  [C:\Users\MONSTER\OneDrive\Belgeler\GitHub\CarProject\CarProject.sln]
C:\Users\MONSTER\OneDrive\Belgeler\GitHub\CarProject\Business\Business.csproj : error NU1605:  Business -> Autofac (>= 7.1.0) [C:\Users\MONSTER\OneDrive\Belgeler\GitHub\CarProject\CarProject.sln]
C:\Users\MONSTER\OneDrive\Belgeler\GitHub\CarProject\Entities\Entities.csproj : error NU1605: Warning As Error: Detected package downgrade: Autofac from 8.0.0 to 7.1.0. Reference the package directly from the project to select a different version.  [C:\Users\MONSTER\OneDrive\Belgeler\GitHub\CarProject\CarProject.sln]
C:\Users\MONSTER\OneDrive\Belgeler\GitHub\CarProject\Entities\Entities.csproj : error NU1605:  Entities -> Core -> Autofac.Extensions.DependencyInjection 9.0.0 -> Autofac (>= 8.0.0)  [C:\Users\MONSTER\OneDrive\Belgeler\GitHub\CarProject\CarProject.sln]
C:\Users\MONSTER\OneDrive\Belgeler\GitHub\CarProject\Entities\Entities.csproj : error NU1605:  Entities -> Core -> Autofac (>= 7.1.0) [C:\Users\MONSTER\OneDrive\Belgeler\GitHub\CarProject\CarProject.sln]
C:\Users\MONSTER\OneDrive\Belgeler\GitHub\CarProject\DataAccess\DataAccess.csproj : error NU1605: Warning As Error: Detected package downgrade: Autofac from 8.0.0 to 7.1.0. Reference the package directly from the project to select a different version.  [C:\Users\MONSTER\OneDrive\Belgeler\GitHub\CarProject\CarProject.sln]
C:\Users\MONSTER\OneDrive\Belgeler\GitHub\CarProject\DataAccess\DataAccess.csproj : error NU1605:  DataAccess -> Entities -> Core -> Autofac.Extensions.DependencyInjection 9.0.0 -> Autofac (>= 8.0.0)  [C:\Users\MONSTER\OneDrive\Belgeler\GitHub\CarProject\CarProject.sln]
C:\Users\MONSTER\OneDrive\Belgeler\GitHub\CarProject\DataAccess\DataAccess.csproj : error NU1605:  DataAccess -> Entities -> Core -> Autofac (>= 7.1.0) [C:\Users\MONSTER\OneDrive\Belgeler\GitHub\CarProject\CarProject.sln]
  Failed to restore C:\Users\MONSTER\OneDrive\Belgeler\GitHub\CarProject\Entities\Entities.csproj (in 470 ms).
  Failed to restore C:\Users\MONSTER\OneDrive\Belgeler\GitHub\CarProject\Core\Core.csproj (in 470 ms).
  Failed to restore C:\Users\MONSTER\OneDrive\Belgeler\GitHub\CarProject\DataAccess\DataAccess.csproj (in 470 ms).
  Failed to restore C:\Users\MONSTER\OneDrive\Belgeler\GitHub\CarProject\Business\Business.csproj (in 470 ms).
  Failed to restore C:\Users\MONSTER\OneDrive\Belgeler\GitHub\CarProject\ConsoleUI\ConsoleUI.csproj (in 470 ms).
  1 of 6 projects are up-to-date for restore.

Build FAILED.

C:\Users\MONSTER\OneDrive\Belgeler\GitHub\CarProject\ConsoleUI\ConsoleUI.csproj : error NU1605: Warning As Error: Detected package downgrade: Autofac from 8.0.0 to 7.1.0. Reference the package directly from the project to select a different version.  [C:\Users\MONSTER\OneDrive\Belgeler\GitHub\CarProject\CarProject.sln]
C:\Users\MONSTER\OneDrive\Belgeler\GitHub\CarProject\ConsoleUI\ConsoleUI.csproj : error NU1605:  ConsoleUI -> Business -> Autofac.Extensions.DependencyInjection 9.0.0 -> Autofac (>= 8.0.0)  [C:\Users\MONSTER\OneDrive\Belgeler\GitHub\CarProject\CarProject.sln]
C:\Users\MONSTER\OneDrive\Belgeler\GitHub\CarProject\ConsoleUI\ConsoleUI.csproj : error NU1605:  ConsoleUI -> Business -> Autofac (>= 7.1.0) [C:\Users\MONSTER\OneDrive\Belgeler\GitHub\CarProject\CarProject.sln]
C:\Users\MONSTER\OneDrive\Belgeler\GitHub\CarProject\Core\Core.csproj : error NU1605: Warning As Error: Detected package downgrade: Autofac from 8.0.0 to 7.1.0. Reference the package directly from the project to select a different version.  [C:\Users\MONSTER\OneDrive\Belgeler\GitHub\CarProject\CarProject.sln]
C:\Users\MONSTER\OneDrive\Belgeler\GitHub\CarProject\Core\Core.csproj : error NU1605:  Core -> Autofac.Extensions.DependencyInjection 9.0.0 -> Autofac (>= 8.0.0)  [C:\Users\MONSTER\OneDrive\Belgeler\GitHub\CarProject\CarProject.sln]
C:\Users\MONSTER\OneDrive\Belgeler\GitHub\CarProject\Core\Core.csproj : error NU1605:  Core -> Autofac (>= 7.1.0) [C:\Users\MONSTER\OneDrive\Belgeler\GitHub\CarProject\CarProject.sln]
C:\Users\MONSTER\OneDrive\Belgeler\GitHub\CarProject\Business\Business.csproj : error NU1605: Warning As Error: Detected package downgrade: Autofac from 8.0.0 to 7.1.0. Reference the package directly from the project to select a different version.  [C:\Users\MONSTER\OneDrive\Belgeler\GitHub\CarProject\CarProject.sln]
C:\Users\MONSTER\OneDrive\Belgeler\GitHub\CarProject\Business\Business.csproj : error NU1605:  Business -> Autofac.Extensions.DependencyInjection 9.0.0 -> Autofac (>= 8.0.0)  [C:\Users\MONSTER\OneDrive\Belgeler\GitHub\CarProject\CarProject.sln]
C:\Users\MONSTER\OneDrive\Belgeler\GitHub\CarProject\Business\Business.csproj : error NU1605:  Business -> Autofac (>= 7.1.0) [C:\Users\MONSTER\OneDrive\Belgeler\GitHub\CarProject\CarProject.sln]
C:\Users\MONSTER\OneDrive\Belgeler\GitHub\CarProject\Entities\Entities.csproj : error NU1605: Warning As Error: Detected package downgrade: Autofac from 8.0.0 to 7.1.0. Reference the package directly from the project to select a different version.  [C:\Users\MONSTER\OneDrive\Belgeler\GitHub\CarProject\CarProject.sln]
C:\Users\MONSTER\OneDrive\Belgeler\GitHub\CarProject\Entities\Entities.csproj : error NU1605:  Entities -> Core -> Autofac.Extensions.DependencyInjection 9.0.0 -> Autofac (>= 8.0.0)  [C:\Users\MONSTER\OneDrive\Belgeler\GitHub\CarProject\CarProject.sln]
C:\Users\MONSTER\OneDrive\Belgeler\GitHub\CarProject\Entities\Entities.csproj : error NU1605:  Entities -> Core -> Autofac (>= 7.1.0) [C:\Users\MONSTER\OneDrive\Belgeler\GitHub\CarProject\CarProject.sln]
C:\Users\MONSTER\OneDrive\Belgeler\GitHub\CarProject\DataAccess\DataAccess.csproj : error NU1605: Warning As Error: Detected package downgrade: Autofac from 8.0.0 to 7.1.0. Reference the package directly from the project to select a different version.  [C:\Users\MONSTER\OneDrive\Belgeler\GitHub\CarProject\CarProject.sln]
C:\Users\MONSTER\OneDrive\Belgeler\GitHub\CarProject\DataAccess\DataAccess.csproj : error NU1605:  DataAccess -> Entities -> Core -> Autofac.Extensions.DependencyInjection 9.0.0 -> Autofac (>= 8.0.0)  [C:\Users\MONSTER\OneDrive\Belgeler\GitHub\CarProject\CarProject.sln]
C:\Users\MONSTER\OneDrive\Belgeler\GitHub\CarProject\DataAccess\DataAccess.csproj : error NU1605:  DataAccess -> Entities -> Core -> Autofac (>= 7.1.0) [C:\Users\MONSTER\OneDrive\Belgeler\GitHub\CarProject\CarProject.sln]
    0 Warning(s)
    5 Error(s)

Time Elapsed 00:00:01.34

